# Possíveis erros por distro

Archlinux
-------------------------------------------------------
bluetooth não funciona
sudo pacman -S bluez
sudo systemctl enable bluetooth.service
sudo systemctl start bluetooth.service
-------------------------------------------------------
